<?xml version="1.0" encoding="UTF-8"?>
<testsuites name="jest tests" tests="25" failures="0" errors="0" time="37.669">
  <testsuite name="Test component" errors="0" failures="0" skipped="0" timestamp="2023-05-24T15:18:52" time="4.672" tests="3">
    <testcase classname="Test component displays loading skeleton when testLoadingExample is true" name="Test component displays loading skeleton when testLoadingExample is true" time="0.205">
    </testcase>
    <testcase classname="Test component dispatches fetchTestData action on mount" name="Test component dispatches fetchTestData action on mount" time="0.016">
    </testcase>
    <testcase classname="Test component displays test data when testData is not null" name="Test component displays test data when testData is not null" time="0.077">
    </testcase>
  </testsuite>
  <testsuite name="&lt;RequireParam/&gt;" errors="0" failures="0" skipped="0" timestamp="2023-05-24T15:18:57" time="1.379" tests="1">
    <testcase classname="&lt;RequireParam/&gt; render without crashing" name="&lt;RequireParam/&gt; render without crashing" time="0.08">
    </testcase>
  </testsuite>
  <testsuite name="&lt;RouteNotFound/&gt;" errors="0" failures="0" skipped="0" timestamp="2023-05-24T15:18:58" time="1.577" tests="1">
    <testcase classname="&lt;RouteNotFound/&gt; render without crashing" name="&lt;RouteNotFound/&gt; render without crashing" time="0.05">
    </testcase>
  </testsuite>
  <testsuite name="getLinkWithParameter()" errors="0" failures="0" skipped="0" timestamp="2023-05-24T15:19:00" time="1.193" tests="3">
    <testcase classname="getLinkWithParameter() customer channel renders link" name="getLinkWithParameter() customer channel renders link" time="0.015">
    </testcase>
    <testcase classname="getLinkWithParameter() staff channel renders link" name="getLinkWithParameter() staff channel renders link" time="0.023">
    </testcase>
    <testcase classname="encodeQueryData() encode data" name="encodeQueryData() encode data" time="0">
    </testcase>
  </testsuite>
  <testsuite name="Test - selectors" errors="0" failures="0" skipped="0" timestamp="2023-05-24T15:19:01" time="1.403" tests="2">
    <testcase classname="Test - selectors return test data" name="Test - selectors return test data" time="0.004">
    </testcase>
    <testcase classname="Test - selectors return test loading" name="Test - selectors return test loading" time="0.005">
    </testcase>
  </testsuite>
  <testsuite name="getFormattedDater()" errors="0" failures="0" skipped="0" timestamp="2023-05-24T15:19:03" time="2.566" tests="2">
    <testcase classname="getFormattedDater() render right data" name="getFormattedDater() render right data" time="0.127">
    </testcase>
    <testcase classname="getSubtractedDays() render right data" name="getSubtractedDays() render right data" time="0">
    </testcase>
  </testsuite>
  <testsuite name="Test reducers" errors="0" failures="0" skipped="0" timestamp="2023-05-24T15:19:05" time="1.821" tests="3">
    <testcase classname="Test reducers Test reducers returns loading state " name="Test reducers Test reducers returns loading state " time="0">
    </testcase>
    <testcase classname="Test reducers Test reducers returns success state " name="Test reducers Test reducers returns success state " time="0">
    </testcase>
    <testcase classname="Test reducers Test reducers returns error state " name="Test reducers Test reducers returns error state " time="0.003">
    </testcase>
  </testsuite>
  <testsuite name="Application reducers" errors="0" failures="0" skipped="0" timestamp="2023-05-24T15:19:07" time="1.514" tests="1">
    <testcase classname="Application reducers config reducers returns config state " name="Application reducers config reducers returns config state " time="0.006">
    </testcase>
  </testsuite>
  <testsuite name="Test - response mappers" errors="0" failures="0" skipped="0" timestamp="2023-05-24T15:19:09" time="1.356" tests="1">
    <testcase classname="Test - response mappers return correct test data" name="Test - response mappers return correct test data" time="0.005">
    </testcase>
  </testsuite>
  <testsuite name="application - selectors" errors="0" failures="0" skipped="0" timestamp="2023-05-24T15:19:10" time="1.202" tests="2">
    <testcase classname="application - selectors return application" name="application - selectors return application" time="0.004">
    </testcase>
    <testcase classname="application - selectors return params" name="application - selectors return params" time="0">
    </testcase>
  </testsuite>
  <testsuite name="&lt;RequireSearchParam/&gt;" errors="0" failures="0" skipped="0" timestamp="2023-05-24T15:19:12" time="1.237" tests="1">
    <testcase classname="&lt;RequireSearchParam/&gt; render without crashing" name="&lt;RequireSearchParam/&gt; render without crashing" time="0.048">
    </testcase>
  </testsuite>
  <testsuite name="&lt;Application /&gt;" errors="0" failures="0" skipped="0" timestamp="2023-05-24T15:19:13" time="3.099" tests="1">
    <testcase classname="&lt;Application /&gt; render without crashing" name="&lt;Application /&gt; render without crashing" time="0.26">
    </testcase>
  </testsuite>
  <testsuite name="getOrdinalTextSuffix()" errors="0" failures="0" skipped="0" timestamp="2023-05-24T15:19:17" time="1.921" tests="1">
    <testcase classname="getOrdinalTextSuffix() encode data" name="getOrdinalTextSuffix() encode data" time="0.006">
    </testcase>
  </testsuite>
  <testsuite name="getMapping" errors="0" failures="0" skipped="0" timestamp="2023-05-24T15:19:19" time="1.575" tests="2">
    <testcase classname="getMapping expect to mapping correctly" name="getMapping expect to mapping correctly" time="0">
    </testcase>
    <testcase classname="getMapping expect to mapping correctly" name="getMapping expect to mapping correctly" time="0">
    </testcase>
  </testsuite>
  <testsuite name="Test - transport" errors="0" failures="0" skipped="0" timestamp="2023-05-24T15:19:20" time="1.636" tests="1">
    <testcase classname="Test - transport return getTestData" name="Test - transport return getTestData" time="0.048">
    </testcase>
  </testsuite>
</testsuites>